2025-10-27 14:19:31,060 - INFO - 开始创建GPose v1.0安装包...
2025-10-27 14:19:31,060 - INFO - 步骤1/5: 检查可执行文件...
2025-10-27 14:19:31,060 - INFO - 找到release中的EXE: D:\G-Pose_V1.0\release\GPose.exe
2025-10-27 14:19:31,060 - INFO - EXE大小: 182.6 MB
2025-10-27 14:19:31,060 - INFO - 复制EXE到dist目录...
2025-10-27 14:19:31,169 - INFO - ✓ 可执行文件检查通过
2025-10-27 14:19:31,169 - INFO - 步骤2/5: 准备资源文件...
2025-10-27 14:19:31,170 - INFO - 创建用户手册...
2025-10-27 14:19:31,170 - INFO - 创建快速开始指南...
2025-10-27 14:19:31,171 - INFO - ✓ 资源文件准备完成
2025-10-27 14:19:31,171 - INFO - 步骤3/5: 创建Windows安装包...
2025-10-27 14:19:31,171 - WARNING - 未找到Inno Setup
2025-10-27 14:19:31,171 - INFO - 下载地址: https://jrsoftware.org/isinfo.php
2025-10-27 14:19:31,171 - INFO - 您可以手动运行: iscc setup.iss
2025-10-27 14:19:31,171 - ERROR - 步骤失败: 创建安装包
2025-10-27 14:19:31,171 - INFO - 步骤4/5: 创建发布包...
2025-10-27 14:19:31,287 - INFO - 复制便携版到: D:\G-Pose_V1.0\GPose_v1.0_Release\GPose_v1.0_Portable.exe
2025-10-27 14:19:31,288 - INFO - 创建发布说明: D:\G-Pose_V1.0\GPose_v1.0_Release\发布说明.md
2025-10-27 14:19:31,288 - INFO - ✓ 发布包创建完成
2025-10-27 14:19:31,289 - INFO - 发布包位置: D:\G-Pose_V1.0\GPose_v1.0_Release
2025-10-27 14:19:31,289 - INFO - 
总耗时: 0.2 秒
2025-10-27 14:19:31,289 - INFO - 步骤5/5: 生成构建总结...
